<?xml version="1.0" encoding="utf-8"?><testsuites name="pytest tests"><testsuite name="pytest" errors="0" failures="0" skipped="0" tests="11" time="3.339" timestamp="2026-10-10T12:47:47.741175+05:30" hostname="DESKTOP-T413758"><testcase classname="tests.test_app" name="test_home_page" time="0.303" /><testcase classname="tests.test_app" name="test_health_check" time="0.227" /><testcase classname="tests.test_app" name="test_metrics_endpoint" time="0.222" /><testcase classname="tests.test_app" name="test_api_stats" time="0.230" /><testcase classname="tests.test_app" name="test_user_registration" time="0.347" /><testcase classname="tests.test_app" name="test_duplicate_registration_fails" time="0.229" /><testcase classname="tests.test_app" name="test_login_success" time="0.355" /><testcase classname="tests.test_app" name="test_login_invalid_credentials" time="0.348" /><testcase classname="tests.test_app" name="test_complaint_submission" time="0.349" /><testcase classname="tests.test_app" name="test_admin_access_control_and_status_update" time="0.356" /><testcase classname="tests.test_app" name="test_register_role_escalation_prevented" time="0.332" /></testsuite></testsuites>